// Jest Snapshot v1, https://goo.gl/fbAQLP

exports[`to cehck the Header Componen 1`] = `
<div>
  <h1>
    Header
  </h1>
   
  <br />
  <NavLink
    activeclassname="active"
    to="/"
  >
    Go to Dashboard 
  </NavLink>
   
  <br />
  <NavLink
    to="/add"
  >
    Go to AddExpense 
  </NavLink>
   
  <br />
  <NavLink
    to="/edit"
  >
    Go to EditExpense 
  </NavLink>
   
  <br />
  <NavLink
    to="/help"
  >
    Go to Help 
  </NavLink>
   
  <br />
</div>
`;
